• Invocation
  Mode build
  Resolved xcodebuild -project Stub.xcodeproj -scheme Subsmind -configuration Debug -destination platform=iOS Simulator,name=iPhone 17 Pro build -showBuildTimingSummary

• Run Destination
  Simulator iPhone 17 Pro

• Summary
  completed items:2

• Build Succeeded <elapsed>
  warnings:1 errors:0 tests:0 failures:0
